// Jest Snapshot v1, https://goo.gl/fbAQLP

exports[`Index page Matches snapshot 1`] = `
[
  <header>
    <div
      className="topBarSpacer"
    />
    <nav
      className="section"
    >
      <div
        className="topbar container"
      >
        <a
          href="/"
          onClick={[Function]}
          onMouseEnter={[Function]}
          onTouchStart={[Function]}
        >
          <img
            alt="To home"
            data-nimg="1"
            decoding="async"
            height={30}
            loading="lazy"
            onError={[Function]}
            onLoad={[Function]}
            src="/_next/image?url=%2Ffavicon-48x48.png&w=64&q=75"
            srcSet="/_next/image?url=%2Ffavicon-48x48.png&w=32&q=75 1x, /_next/image?url=%2Ffavicon-48x48.png&w=64&q=75 2x"
            style={
              {
                "color": "transparent",
              }
            }
            width={30}
          />
        </a>
        <div
          aria-label="Open menu"
          className="hamburger"
          onClick={[Function]}
          role="button"
        >
          <span
            className="part"
          />
          <span
            className="part"
          />
          <span
            className="part"
          />
        </div>
      </div>
      <div
        className="content null container"
      >
        <ul
          className="list"
        >
          <li
            className="listItem"
          >
            <a
              className="link"
              href="/letter/a"
              onClick={[Function]}
              onMouseEnter={[Function]}
              onTouchStart={[Function]}
            >
              a
            </a>
          </li>
          <li
            className="listItem"
          >
            <a
              className="link"
              href="/letter/a2"
              onClick={[Function]}
              onMouseEnter={[Function]}
              onTouchStart={[Function]}
            >
              á
            </a>
          </li>
          <li
            className="listItem"
          >
            <a
              className="link"
              href="/letter/b"
              onClick={[Function]}
              onMouseEnter={[Function]}
              onTouchStart={[Function]}
            >
              b
            </a>
          </li>
          <li
            className="listItem"
          >
            <a
              className="link"
              href="/letter/d"
              onClick={[Function]}
              onMouseEnter={[Function]}
              onTouchStart={[Function]}
            >
              d
            </a>
          </li>
          <li
            className="listItem"
          >
            <a
              className="link"
              href="/letter/e"
              onClick={[Function]}
              onMouseEnter={[Function]}
              onTouchStart={[Function]}
            >
              e
            </a>
          </li>
          <li
            className="listItem"
          >
            <a
              className="link"
              href="/letter/e2"
              onClick={[Function]}
              onMouseEnter={[Function]}
              onTouchStart={[Function]}
            >
              é
            </a>
          </li>
          <li
            className="listItem"
          >
            <a
              className="link"
              href="/letter/f"
              onClick={[Function]}
              onMouseEnter={[Function]}
              onTouchStart={[Function]}
            >
              f
            </a>
          </li>
          <li
            className="listItem"
          >
            <a
              className="link"
              href="/letter/g"
              onClick={[Function]}
              onMouseEnter={[Function]}
              onTouchStart={[Function]}
            >
              g
            </a>
          </li>
          <li
            className="listItem"
          >
            <a
              className="link"
              href="/letter/h"
              onClick={[Function]}
              onMouseEnter={[Function]}
              onTouchStart={[Function]}
            >
              h
            </a>
          </li>
          <li
            className="listItem"
          >
            <a
              className="link"
              href="/letter/i"
              onClick={[Function]}
              onMouseEnter={[Function]}
              onTouchStart={[Function]}
            >
              i
            </a>
          </li>
          <li
            className="listItem"
          >
            <a
              className="link"
              href="/letter/i2"
              onClick={[Function]}
              onMouseEnter={[Function]}
              onTouchStart={[Function]}
            >
              í
            </a>
          </li>
          <li
            className="listItem"
          >
            <a
              className="link"
              href="/letter/j"
              onClick={[Function]}
              onMouseEnter={[Function]}
              onTouchStart={[Function]}
            >
              j
            </a>
          </li>
          <li
            className="listItem"
          >
            <a
              className="link"
              href="/letter/k"
              onClick={[Function]}
              onMouseEnter={[Function]}
              onTouchStart={[Function]}
            >
              k
            </a>
          </li>
          <li
            className="listItem"
          >
            <a
              className="link"
              href="/letter/l"
              onClick={[Function]}
              onMouseEnter={[Function]}
              onTouchStart={[Function]}
            >
              l
            </a>
          </li>
          <li
            className="listItem"
          >
            <a
              className="link"
              href="/letter/m"
              onClick={[Function]}
              onMouseEnter={[Function]}
              onTouchStart={[Function]}
            >
              m
            </a>
          </li>
          <li
            className="listItem"
          >
            <a
              className="link"
              href="/letter/n"
              onClick={[Function]}
              onMouseEnter={[Function]}
              onTouchStart={[Function]}
            >
              n
            </a>
          </li>
          <li
            className="listItem"
          >
            <a
              className="link"
              href="/letter/o"
              onClick={[Function]}
              onMouseEnter={[Function]}
              onTouchStart={[Function]}
            >
              o
            </a>
          </li>
          <li
            className="listItem"
          >
            <a
              className="link"
              href="/letter/o2"
              onClick={[Function]}
              onMouseEnter={[Function]}
              onTouchStart={[Function]}
            >
              ó
            </a>
          </li>
          <li
            className="listItem"
          >
            <a
              className="link"
              href="/letter/p"
              onClick={[Function]}
              onMouseEnter={[Function]}
              onTouchStart={[Function]}
            >
              p
            </a>
          </li>
          <li
            className="listItem"
          >
            <a
              className="link"
              href="/letter/r"
              onClick={[Function]}
              onMouseEnter={[Function]}
              onTouchStart={[Function]}
            >
              r
            </a>
          </li>
          <li
            className="listItem"
          >
            <a
              className="link"
              href="/letter/s"
              onClick={[Function]}
              onMouseEnter={[Function]}
              onTouchStart={[Function]}
            >
              s
            </a>
          </li>
          <li
            className="listItem"
          >
            <a
              className="link"
              href="/letter/t"
              onClick={[Function]}
              onMouseEnter={[Function]}
              onTouchStart={[Function]}
            >
              t
            </a>
          </li>
          <li
            className="listItem"
          >
            <a
              className="link"
              href="/letter/u"
              onClick={[Function]}
              onMouseEnter={[Function]}
              onTouchStart={[Function]}
            >
              u
            </a>
          </li>
          <li
            className="listItem"
          >
            <a
              className="link"
              href="/letter/u2"
              onClick={[Function]}
              onMouseEnter={[Function]}
              onTouchStart={[Function]}
            >
              ú
            </a>
          </li>
          <li
            className="listItem"
          >
            <a
              className="link"
              href="/letter/v"
              onClick={[Function]}
              onMouseEnter={[Function]}
              onTouchStart={[Function]}
            >
              v
            </a>
          </li>
          <li
            className="listItem"
          >
            <a
              className="link"
              href="/letter/y"
              onClick={[Function]}
              onMouseEnter={[Function]}
              onTouchStart={[Function]}
            >
              y
            </a>
          </li>
          <li
            className="listItem"
          >
            <a
              className="link"
              href="/letter/y2"
              onClick={[Function]}
              onMouseEnter={[Function]}
              onTouchStart={[Function]}
            >
              ý
            </a>
          </li>
          <li
            className="listItem"
          >
            <a
              className="link"
              href="/letter/th"
              onClick={[Function]}
              onMouseEnter={[Function]}
              onTouchStart={[Function]}
            >
              þ
            </a>
          </li>
          <li
            className="listItem"
          >
            <a
              className="link"
              href="/letter/ae"
              onClick={[Function]}
              onMouseEnter={[Function]}
              onTouchStart={[Function]}
            >
              æ
            </a>
          </li>
          <li
            className="listItem"
          >
            <a
              className="link"
              href="/letter/oe3"
              onClick={[Function]}
              onMouseEnter={[Function]}
              onTouchStart={[Function]}
            >
              œ
            </a>
          </li>
          <li
            className="listItem"
          >
            <a
              className="link"
              href="/letter/oe"
              onClick={[Function]}
              onMouseEnter={[Function]}
              onTouchStart={[Function]}
            >
              ö
            </a>
          </li>
        </ul>
        <form
          className="form"
          onSubmit={[Function]}
        >
          <input
            aria-label="Search"
            className="input"
            name="search"
            onChange={[Function]}
            type="search"
            value=""
          />
          <button
            className="button button--secondary button--no-margs"
            name="submit"
            type="submit"
          >
            Search
          </button>
        </form>
      </div>
    </nav>
    <nav
      className="section"
    >
      <div
        className="container"
      >
        <a
          className="link"
          href="/"
          onClick={[Function]}
          onMouseEnter={[Function]}
          onTouchStart={[Function]}
        >
          Old Icelandic Dictionary
        </a>
        <script
          dangerouslySetInnerHTML={
            {
              "__html": "{"@context":"https://schema.org/","@type":"BreadcrumbList","itemListElement":[{"@type":"ListItem","position":1,"name":"Old Icelandic Dictionary","item":"undefined/"}]}",
            }
          }
          type="application/ld+json"
        />
      </div>
    </nav>
  </header>,
  <main
    className="container"
  >
    <section
      className="section"
    >
      <h1
        className="h2"
      >
        A Concise Dictionary of Old Icelandic
      </h1>
      <p>
        Online version of the \`"A Concise Dictionary of Old Icelandic\`" dictionary by Geir Zoëga, originally published in 1910
      </p>
      <p>
        Zoëgas attempt was to made easier-to-approach version of the more full Cleasby - Vigfusson dictionary, specifically for beginners and those interested in Old Icelandic prose writing.
      </p>
      <a
        className="button"
        href="/search"
        onClick={[Function]}
        onMouseEnter={[Function]}
        onTouchStart={[Function]}
      >
        Search the dictionary
      </a>
    </section>
    <section
      className="section"
    >
      <h2
        className="h3"
      >
        What is Old Icelandic?
      </h2>
      <p>
        Old Icelandic was a western dialect of Old Norse. Old Norse is a dead language, that was the father of modern languages like Icelandic, Swedish, Norwegian, Danish, Faroese and Elfdalian. Popularly known as the language that vikings spoke.
      </p>
      <p
        className="h4"
      >
        A sample of Old Icelandic:
      </p>
      <p>
        <em>
          <a
            href="/word/ulfr"
            onClick={[Function]}
            onMouseEnter={[Function]}
            onTouchStart={[Function]}
          >
            Úlfr
          </a>
           
          <a
            href="/word/heita"
            onClick={[Function]}
            onMouseEnter={[Function]}
            onTouchStart={[Function]}
          >
            hét
          </a>
           
          <a
            href="/word/madr"
            onClick={[Function]}
            onMouseEnter={[Function]}
            onTouchStart={[Function]}
          >
            maðr
          </a>
          , 
          <a
            href="/word/sonr"
            onClick={[Function]}
            onMouseEnter={[Function]}
            onTouchStart={[Function]}
          >
            sonr
          </a>
           Bjálfa 
          <a
            href="/word/ok"
            onClick={[Function]}
            onMouseEnter={[Function]}
            onTouchStart={[Function]}
          >
            ok
          </a>
           Hallberu, 
          <a
            href="/word/dottir"
            onClick={[Function]}
            onMouseEnter={[Function]}
            onTouchStart={[Function]}
          >
            dóttur
          </a>
           
          <a
            href="/word/ulfr"
            onClick={[Function]}
            onMouseEnter={[Function]}
            onTouchStart={[Function]}
          >
            Úlfs
          </a>
           
          <a
            href="/word/inn"
            onClick={[Function]}
            onMouseEnter={[Function]}
            onTouchStart={[Function]}
          >
            ins
          </a>
           
          <a
            href="/word/o-2"
            onClick={[Function]}
            onMouseEnter={[Function]}
            onTouchStart={[Function]}
          >
            ó
          </a>
          <a
            href="/word/argr"
            onClick={[Function]}
            onMouseEnter={[Function]}
            onTouchStart={[Function]}
          >
            arga
          </a>
          . 
          <a
            href="/word/hon"
            onClick={[Function]}
            onMouseEnter={[Function]}
            onTouchStart={[Function]}
          >
            Hon
          </a>
           
          <a
            href="/word/vera"
            onClick={[Function]}
            onMouseEnter={[Function]}
            onTouchStart={[Function]}
          >
            var
          </a>
           
          <a
            href="/word/systir"
            onClick={[Function]}
            onMouseEnter={[Function]}
            onTouchStart={[Function]}
          >
            systir
          </a>
           Hallbjarnar 
          <a
            href="/word/halftroll"
            onClick={[Function]}
            onMouseEnter={[Function]}
            onTouchStart={[Function]}
          >
            hálftrölls
          </a>
           í Hrafnistu, 
          <a
            href="/word/fadir"
            onClick={[Function]}
            onMouseEnter={[Function]}
            onTouchStart={[Function]}
          >
            föður
          </a>
           
          <a
            href="/word/ketill"
            onClick={[Function]}
            onMouseEnter={[Function]}
            onTouchStart={[Function]}
          >
            Ketils
          </a>
           hængs. 
          <a
            href="/word/ulfr"
            onClick={[Function]}
            onMouseEnter={[Function]}
            onTouchStart={[Function]}
          >
            Úlfr
          </a>
           
          <a
            href="/word/var"
            onClick={[Function]}
            onMouseEnter={[Function]}
            onTouchStart={[Function]}
          >
            var
          </a>
           
          <a
            href="/word/madr"
            onClick={[Function]}
            onMouseEnter={[Function]}
            onTouchStart={[Function]}
          >
            maðr
          </a>
           
          <a
            href="/word/sva"
            onClick={[Function]}
            onMouseEnter={[Function]}
            onTouchStart={[Function]}
          >
            svá
          </a>
           
          <a
            href="/word/mikill"
            onClick={[Function]}
            onMouseEnter={[Function]}
            onTouchStart={[Function]}
          >
            mikill
          </a>
           
          <a
            href="/word/ok"
            onClick={[Function]}
            onMouseEnter={[Function]}
            onTouchStart={[Function]}
          >
            ok
          </a>
           
          <a
            href="/word/sterkr"
            onClick={[Function]}
            onMouseEnter={[Function]}
            onTouchStart={[Function]}
          >
            sterkr
          </a>
          , 
          <a
            href="/word/at"
            onClick={[Function]}
            onMouseEnter={[Function]}
            onTouchStart={[Function]}
          >
            at
          </a>
           
          <a
            href="/word/eigi"
            onClick={[Function]}
            onMouseEnter={[Function]}
            onTouchStart={[Function]}
          >
            eigi
          </a>
           
          <a
            href="/word/varu"
            onClick={[Function]}
            onMouseEnter={[Function]}
            onTouchStart={[Function]}
          >
            váru
          </a>
           
          <a
            href="/word/hann"
            onClick={[Function]}
            onMouseEnter={[Function]}
            onTouchStart={[Function]}
          >
            hans
          </a>
           
          <a
            href="/word/jafningi"
            onClick={[Function]}
            onMouseEnter={[Function]}
            onTouchStart={[Function]}
          >
            jafningjar
          </a>
          . 
          <a
            href="/word/en"
            onClick={[Function]}
            onMouseEnter={[Function]}
            onTouchStart={[Function]}
          >
            En
          </a>
           
          <a
            href="/word/er"
            onClick={[Function]}
            onMouseEnter={[Function]}
            onTouchStart={[Function]}
          >
            er
          </a>
           
          <a
            href="/word/hann"
            onClick={[Function]}
            onMouseEnter={[Function]}
            onTouchStart={[Function]}
          >
            hann
          </a>
           
          <a
            href="/word/vera"
            onClick={[Function]}
            onMouseEnter={[Function]}
            onTouchStart={[Function]}
          >
            var
          </a>
           á 
          <a
            href="/word/ungr"
            onClick={[Function]}
            onMouseEnter={[Function]}
            onTouchStart={[Function]}
          >
            unga
          </a>
           
          <a
            href="/word/aldr"
            onClick={[Function]}
            onMouseEnter={[Function]}
            onTouchStart={[Function]}
          >
            aldri
          </a>
          , lá 
          <a
            href="/word/hann"
            onClick={[Function]}
            onMouseEnter={[Function]}
            onTouchStart={[Function]}
          >
            hann
          </a>
           
          <a
            href="/word/i"
            onClick={[Function]}
            onMouseEnter={[Function]}
            onTouchStart={[Function]}
          >
            í
          </a>
           
          <a
            href="/word/vikingr"
            onClick={[Function]}
            onMouseEnter={[Function]}
            onTouchStart={[Function]}
          >
            víkingu
          </a>
           
          <a
            href="/word/ok"
            onClick={[Function]}
            onMouseEnter={[Function]}
            onTouchStart={[Function]}
          >
            ok
          </a>
           
          <a
            href="/word/herja"
            onClick={[Function]}
            onMouseEnter={[Function]}
            onTouchStart={[Function]}
          >
            herjaði
          </a>
          . 
          <a
            href="/word/med"
            onClick={[Function]}
            onMouseEnter={[Function]}
            onTouchStart={[Function]}
          >
            Með
          </a>
           
          <a
            href="/word/hann"
            onClick={[Function]}
            onMouseEnter={[Function]}
            onTouchStart={[Function]}
          >
            honum
          </a>
           
          <a
            href="/word/vera"
            onClick={[Function]}
            onMouseEnter={[Function]}
            onTouchStart={[Function]}
          >
            var
          </a>
           
          <a
            href="/word/i"
            onClick={[Function]}
            onMouseEnter={[Function]}
            onTouchStart={[Function]}
          >
            í
          </a>
           
          <a
            href="/word/felagskapr"
            onClick={[Function]}
            onMouseEnter={[Function]}
            onTouchStart={[Function]}
          >
            félagsskap
          </a>
           
          <a
            href="/word/sa"
            onClick={[Function]}
            onMouseEnter={[Function]}
            onTouchStart={[Function]}
          >
            sá
          </a>
           
          <a
            href="/word/madr"
            onClick={[Function]}
            onMouseEnter={[Function]}
            onTouchStart={[Function]}
          >
            maðr
          </a>
          , 
          <a
            href="/word/er"
            onClick={[Function]}
            onMouseEnter={[Function]}
            onTouchStart={[Function]}
          >
            er
          </a>
           
          <a
            href="/word/kalla"
            onClick={[Function]}
            onMouseEnter={[Function]}
            onTouchStart={[Function]}
          >
            kallaðr
          </a>
           
          <a
            href="/word/var"
            onClick={[Function]}
            onMouseEnter={[Function]}
            onTouchStart={[Function]}
          >
            var
          </a>
           Berðlu-Kári, 
          <a
            href="/word/gofugr"
            onClick={[Function]}
            onMouseEnter={[Function]}
            onTouchStart={[Function]}
          >
            göfugr maðr
          </a>
           
          <a
            href="/word/ok"
            onClick={[Function]}
            onMouseEnter={[Function]}
            onTouchStart={[Function]}
          >
            ok
          </a>
           
          <a
            href="/word/inn"
            onClick={[Function]}
            onMouseEnter={[Function]}
            onTouchStart={[Function]}
          >
            inn
          </a>
           
          <a
            href="/word/mest"
            onClick={[Function]}
            onMouseEnter={[Function]}
            onTouchStart={[Function]}
          >
            mesti
          </a>
           
          <a
            href="/word/afreksmadr"
            onClick={[Function]}
            onMouseEnter={[Function]}
            onTouchStart={[Function]}
          >
            afreksmaðr
          </a>
           
          <a
            href="/word/at"
            onClick={[Function]}
            onMouseEnter={[Function]}
            onTouchStart={[Function]}
          >
            at
          </a>
           
          <a
            href="/word/afli"
            onClick={[Function]}
            onMouseEnter={[Function]}
            onTouchStart={[Function]}
          >
            afli
          </a>
           
          <a
            href="/word/ok"
            onClick={[Function]}
            onMouseEnter={[Function]}
            onTouchStart={[Function]}
          >
            ok
          </a>
           
          <a
            href="/word/araedi"
            onClick={[Function]}
            onMouseEnter={[Function]}
            onTouchStart={[Function]}
          >
            áræði
          </a>
          . 
          <a
            href="/word/hann"
            onClick={[Function]}
            onMouseEnter={[Function]}
            onTouchStart={[Function]}
          >
            Hann
          </a>
           
          <a
            href="/word/var"
            onClick={[Function]}
            onMouseEnter={[Function]}
            onTouchStart={[Function]}
          >
            var
          </a>
           
          <a
            href="/word/berserkr"
            onClick={[Function]}
            onMouseEnter={[Function]}
            onTouchStart={[Function]}
          >
            berserkr
          </a>
          .
        </em>
      </p>
      <p>
        - Excerpt from Egils saga Skalla-Grímssonar, from 1220 - 1240 AD.
      </p>
      <hr />
    </section>
    <h3>
      Random entries from the dictionary:
    </h3>
    <ul
      className="list"
    >
      <li>
        <a
          className="link"
          href="/word/a"
          onClick={[Function]}
          onMouseEnter={[Function]}
          onTouchStart={[Function]}
        >
          a
        </a>
        <p
          dangerouslySetInnerHTML={
            {
              "__html": "a negative suffix to verbs, <i>not</i>;",
            }
          }
        />
      </li>
      <li>
        <a
          className="link"
          href="/word/abbadis"
          onClick={[Function]}
          onMouseEnter={[Function]}
          onTouchStart={[Function]}
        >
          abbadis
        </a>
        <p
          dangerouslySetInnerHTML={
            {
              "__html": "(pl. -ar), f. <i>abbess</i>.",
            }
          }
        />
      </li>
      <li>
        <a
          className="link"
          href="/word/abbast"
          onClick={[Function]}
          onMouseEnter={[Function]}
          onTouchStart={[Function]}
        >
          abbast
        </a>
        <p
          dangerouslySetInnerHTML={
            {
              "__html": "(að), v. refl. <i>to be angry, to quarrel</i> (~ við e-n, upp á e-n).",
            }
          }
        />
      </li>
      <li>
        <a
          className="link"
          href="/word/abbindi"
          onClick={[Function]}
          onMouseEnter={[Function]}
          onTouchStart={[Function]}
        >
          abbindi
        </a>
        <p
          dangerouslySetInnerHTML={
            {
              "__html": "n. <i>constipation</i>.",
            }
          }
        />
      </li>
      <li>
        <a
          className="link"
          href="/word/af"
          onClick={[Function]}
          onMouseEnter={[Function]}
          onTouchStart={[Function]}
        >
          af
        </a>
        <p
          dangerouslySetInnerHTML={
            {
              "__html": "prep. w. dat.",
            }
          }
        />
      </li>
      <li>
        <a
          className="link"
          href="/word/afar"
          onClick={[Function]}
          onMouseEnter={[Function]}
          onTouchStart={[Function]}
        >
          afar
        </a>
        <p
          dangerouslySetInnerHTML={
            {
              "__html": "adv., used as an intensive before an a. or another adv., <i>very, exceedingly</i> (~ auðigr, ~ breiðr, ~ vel, ~ illa).",
            }
          }
        />
      </li>
      <li>
        <a
          className="link"
          href="/word/afarkostalaust"
          onClick={[Function]}
          onMouseEnter={[Function]}
          onTouchStart={[Function]}
        >
          afarkostalaust
        </a>
        <p
          dangerouslySetInnerHTML={
            {
              "__html": "adv. <i>on fair terms</i>.",
            }
          }
        />
      </li>
      <li>
        <a
          className="link"
          href="/word/afarkostr"
          onClick={[Function]}
          onMouseEnter={[Function]}
          onTouchStart={[Function]}
        >
          afarkostr
        </a>
        <p
          dangerouslySetInnerHTML={
            {
              "__html": "m. <i>hard terms</i>.",
            }
          }
        />
      </li>
      <li>
        <a
          className="link"
          href="/word/afarligr"
          onClick={[Function]}
          onMouseEnter={[Function]}
          onTouchStart={[Function]}
        >
          afarligr
        </a>
        <p
          dangerouslySetInnerHTML={
            {
              "__html": "a. <i>immense, huge</i>.",
            }
          }
        />
      </li>
      <li>
        <a
          className="link"
          href="/word/afarmenni"
          onClick={[Function]}
          onMouseEnter={[Function]}
          onTouchStart={[Function]}
        >
          afarmenni
        </a>
        <p
          dangerouslySetInnerHTML={
            {
              "__html": "n. <i>an outstanding man</i>.",
            }
          }
        />
      </li>
      <li>
        <a
          className="link"
          href="/word/afarord"
          onClick={[Function]}
          onMouseEnter={[Function]}
          onTouchStart={[Function]}
        >
          afarorð
        </a>
        <p
          dangerouslySetInnerHTML={
            {
              "__html": "n. <i>overbearing word</i>.",
            }
          }
        />
      </li>
      <li>
        <a
          className="link"
          href="/word/afaryrdi"
          onClick={[Function]}
          onMouseEnter={[Function]}
          onTouchStart={[Function]}
        >
          afaryrði
        </a>
        <p
          dangerouslySetInnerHTML={
            {
              "__html": "n. pl. <i>proud speech</i>.",
            }
          }
        />
      </li>
      <li>
        <a
          className="link"
          href="/word/afarudigr"
          onClick={[Function]}
          onMouseEnter={[Function]}
          onTouchStart={[Function]}
        >
          afarúðigr
        </a>
        <p
          dangerouslySetInnerHTML={
            {
              "__html": "a. <i>overbearing</i>.",
            }
          }
        />
      </li>
      <li>
        <a
          className="link"
          href="/word/afaudit"
          onClick={[Function]}
          onMouseEnter={[Function]}
          onTouchStart={[Function]}
        >
          afauðit
        </a>
        <p
          dangerouslySetInnerHTML={
            {
              "__html": "pp. n., e-m verðr ~ um e-t, <i>one has bad luck (fails) in a thing</i>.",
            }
          }
        />
      </li>
      <li>
        <a
          className="link"
          href="/word/afbindi"
          onClick={[Function]}
          onMouseEnter={[Function]}
          onTouchStart={[Function]}
        >
          afbindi
        </a>
        <p
          dangerouslySetInnerHTML={
            {
              "__html": "n. <i>constipation</i>.",
            }
          }
        />
      </li>
      <li>
        <a
          className="link"
          href="/word/afblomga"
          onClick={[Function]}
          onMouseEnter={[Function]}
          onTouchStart={[Function]}
        >
          afblómga
        </a>
        <p
          dangerouslySetInnerHTML={
            {
              "__html": "(að), v. <i>to deprive of flowers</i>; fig., ~ frægð e-s, <i>to detract from one’s fame</i>.",
            }
          }
        />
      </li>
      <li>
        <a
          className="link"
          href="/word/afbod"
          onClick={[Function]}
          onMouseEnter={[Function]}
          onTouchStart={[Function]}
        >
          afboð
        </a>
        <p
          dangerouslySetInnerHTML={
            {
              "__html": "n. <i>threats, high words</i>.",
            }
          }
        />
      </li>
      <li>
        <a
          className="link"
          href="/word/afbragd"
          onClick={[Function]}
          onMouseEnter={[Function]}
          onTouchStart={[Function]}
        >
          afbragð
        </a>
        <p
          dangerouslySetInnerHTML={
            {
              "__html": "n. <i>paragon</i> (~ annarra manna); in genitive as a prefix to nouns, <i>surpassing, excellent</i> (~s vænleikr, ~s maðr).",
            }
          }
        />
      </li>
      <li>
        <a
          className="link"
          href="/word/afbragdligr"
          onClick={[Function]}
          onMouseEnter={[Function]}
          onTouchStart={[Function]}
        >
          afbragðligr
        </a>
        <p
          dangerouslySetInnerHTML={
            {
              "__html": "a. <i>surpassing</i>.",
            }
          }
        />
      </li>
      <li>
        <a
          className="link"
          href="/word/afbrigd"
          onClick={[Function]}
          onMouseEnter={[Function]}
          onTouchStart={[Function]}
        >
          afbrigð
        </a>
        <p
          dangerouslySetInnerHTML={
            {
              "__html": "n. deviation, transgression.",
            }
          }
        />
      </li>
      <li>
        <a
          className="link"
          href="/word/afbrigdartre"
          onClick={[Function]}
          onMouseEnter={[Function]}
          onTouchStart={[Function]}
        >
          afbrigðartré
        </a>
        <p
          dangerouslySetInnerHTML={
            {
              "__html": "n. <i>tree of transgression</i>.",
            }
          }
        />
      </li>
      <li>
        <a
          className="link"
          href="/word/afbrigdi"
          onClick={[Function]}
          onMouseEnter={[Function]}
          onTouchStart={[Function]}
        >
          afbrigði
        </a>
        <p
          dangerouslySetInnerHTML={
            {
              "__html": "n.",
            }
          }
        />
      </li>
      <li>
        <a
          className="link"
          href="/word/afbrot"
          onClick={[Function]}
          onMouseEnter={[Function]}
          onTouchStart={[Function]}
        >
          afbrot
        </a>
        <p
          dangerouslySetInnerHTML={
            {
              "__html": "n. <i>offence, transgressi on</i>.",
            }
          }
        />
      </li>
      <li>
        <a
          className="link"
          href="/word/afbrugdning"
          onClick={[Function]}
          onMouseEnter={[Function]}
          onTouchStart={[Function]}
        >
          afbrugðning
        </a>
        <p
          dangerouslySetInnerHTML={
            {
              "__html": "f. <i>deviation</i>.",
            }
          }
        />
      </li>
      <li>
        <a
          className="link"
          href="/word/afbrudigr"
          onClick={[Function]}
          onMouseEnter={[Function]}
          onTouchStart={[Function]}
        >
          afbrúðigr
        </a>
        <p
          dangerouslySetInnerHTML={
            {
              "__html": "a. <i>jealous</i>.",
            }
          }
        />
      </li>
      <li>
        <a
          className="link"
          href="/word/afbryda"
          onClick={[Function]}
          onMouseEnter={[Function]}
          onTouchStart={[Function]}
        >
          afbrýða
        </a>
        <p
          dangerouslySetInnerHTML={
            {
              "__html": "(-dda, -ddr), v. <i>to be jealous</i>.",
            }
          }
        />
      </li>
      <li>
        <a
          className="link"
          href="/word/afbrydi"
          onClick={[Function]}
          onMouseEnter={[Function]}
          onTouchStart={[Function]}
        >
          afbrýði
        </a>
        <p
          dangerouslySetInnerHTML={
            {
              "__html": "n. <i>jealousy</i>.",
            }
          }
        />
      </li>
      <li>
        <a
          className="link"
          href="/word/afburdar"
          onClick={[Function]}
          onMouseEnter={[Function]}
          onTouchStart={[Function]}
        >
          afburðar
        </a>
        <p
          dangerouslySetInnerHTML={
            {
              "__html": "gen. from afburðr, used as an intensive before adjectives and adverbs, <i>very, exceedingly</i> (~ digr, ~ vænn, ~ sterkliga, ~ vel).",
            }
          }
        />
      </li>
      <li>
        <a
          className="link"
          href="/word/afburdarmadr"
          onClick={[Function]}
          onMouseEnter={[Function]}
          onTouchStart={[Function]}
        >
          afburðarmaðr
        </a>
        <p
          dangerouslySetInnerHTML={
            {
              "__html": "m. <i>man of mark</i>.",
            }
          }
        />
      </li>
      <li>
        <a
          className="link"
          href="/word/afburdarsamr"
          onClick={[Function]}
          onMouseEnter={[Function]}
          onTouchStart={[Function]}
        >
          afburðarsamr
        </a>
        <p
          dangerouslySetInnerHTML={
            {
              "__html": "a. <i>given to distinguish oneself</i>.",
            }
          }
        />
      </li>
      <li>
        <a
          className="link"
          href="/word/afburdarskip"
          onClick={[Function]}
          onMouseEnter={[Function]}
          onTouchStart={[Function]}
        >
          afburðarskip
        </a>
        <p
          dangerouslySetInnerHTML={
            {
              "__html": "n. <i>first-rate ship</i>.",
            }
          }
        />
      </li>
      <li>
        <a
          className="link"
          href="/word/afburdr"
          onClick={[Function]}
          onMouseEnter={[Function]}
          onTouchStart={[Function]}
        >
          afburðr
        </a>
        <p
          dangerouslySetInnerHTML={
            {
              "__html": "m. <i>superiority</i>; kvað honum eigi annat vænna til afburðar, <i>to get the better of it</i>; ok vilda ek, at hón yrði eigi með minnum afburðum, <i>less glorious</i>.",
            }
          }
        />
      </li>
      <li>
        <a
          className="link"
          href="/word/afdalr"
          onClick={[Function]}
          onMouseEnter={[Function]}
          onTouchStart={[Function]}
        >
          afdalr
        </a>
        <p
          dangerouslySetInnerHTML={
            {
              "__html": "m. <i>a remote, an out-of-the-way, valley</i>.",
            }
          }
        />
      </li>
      <li>
        <a
          className="link"
          href="/word/afdeilingr"
          onClick={[Function]}
          onMouseEnter={[Function]}
          onTouchStart={[Function]}
        >
          afdeilingr
        </a>
        <p
          dangerouslySetInnerHTML={
            {
              "__html": "m. <i>part, portion, share</i>.",
            }
          }
        />
      </li>
      <li>
        <a
          className="link"
          href="/word/afdrif"
          onClick={[Function]}
          onMouseEnter={[Function]}
          onTouchStart={[Function]}
        >
          afdrif
        </a>
        <p
          dangerouslySetInnerHTML={
            {
              "__html": "n. pl. <i>destiny, fate</i> (líkligr til stórra ~a).",
            }
          }
        />
      </li>
      <li>
        <a
          className="link"
          href="/word/afdrykkja"
          onClick={[Function]}
          onMouseEnter={[Function]}
          onTouchStart={[Function]}
        >
          afdrykkja
        </a>
        <p
          dangerouslySetInnerHTML={
            {
              "__html": "f. = ofdrykkja.",
            }
          }
        />
      </li>
      <li>
        <a
          className="link"
          href="/word/afdrattr"
          onClick={[Function]}
          onMouseEnter={[Function]}
          onTouchStart={[Function]}
        >
          afdráttr
        </a>
        <p
          dangerouslySetInnerHTML={
            {
              "__html": "m.",
            }
          }
        />
      </li>
      <li>
        <a
          className="link"
          href="/word/afdoema"
          onClick={[Function]}
          onMouseEnter={[Function]}
          onTouchStart={[Function]}
        >
          afdœma
        </a>
        <p
          dangerouslySetInnerHTML={
            {
              "__html": "(-da, -dr), v.",
            }
          }
        />
      </li>
      <li>
        <a
          className="link"
          href="/word/afeggja"
          onClick={[Function]}
          onMouseEnter={[Function]}
          onTouchStart={[Function]}
        >
          afeggja
        </a>
        <p
          dangerouslySetInnerHTML={
            {
              "__html": "(að), v. <i>to dissuade</i>.",
            }
          }
        />
      </li>
      <li>
        <a
          className="link"
          href="/word/afeigna"
          onClick={[Function]}
          onMouseEnter={[Function]}
          onTouchStart={[Function]}
        >
          afeigna
        </a>
        <p
          dangerouslySetInnerHTML={
            {
              "__html": "(að), v. <i>to dispossess (~</i> e-m e-t).",
            }
          }
        />
      </li>
      <li>
        <a
          className="link"
          href="/word/afeista"
          onClick={[Function]}
          onMouseEnter={[Function]}
          onTouchStart={[Function]}
        >
          afeista
        </a>
        <p
          dangerouslySetInnerHTML={
            {
              "__html": "(að), v. <i>to castrate</i>.",
            }
          }
        />
      </li>
      <li>
        <a
          className="link"
          href="/word/aferfa"
          onClick={[Function]}
          onMouseEnter={[Function]}
          onTouchStart={[Function]}
        >
          aferfa
        </a>
        <p
          dangerouslySetInnerHTML={
            {
              "__html": "(-ða, -ðr), v. <i>to disinherit</i>.",
            }
          }
        />
      </li>
      <li>
        <a
          className="link"
          href="/word/afeyringr"
          onClick={[Function]}
          onMouseEnter={[Function]}
          onTouchStart={[Function]}
        >
          afeyringr
        </a>
        <p
          dangerouslySetInnerHTML={
            {
              "__html": "m. <i>one whose ears have been cut off</i>.",
            }
          }
        />
      </li>
      <li>
        <a
          className="link"
          href="/word/affall"
          onClick={[Function]}
          onMouseEnter={[Function]}
          onTouchStart={[Function]}
        >
          affall
        </a>
        <p
          dangerouslySetInnerHTML={
            {
              "__html": "n. <i>diminution, abatement</i>; selja e-t með afföllum, <i>to sell at a discount</i>.",
            }
          }
        />
      </li>
      <li>
        <a
          className="link"
          href="/word/affara"
          onClick={[Function]}
          onMouseEnter={[Function]}
          onTouchStart={[Function]}
        >
          affara-
        </a>
        <p
          dangerouslySetInnerHTML={
            {
              "__html": "gen. pl. from ‘afför’, <i>departure</i>; hence affaradagr, affarakveld.",
            }
          }
        />
      </li>
      <li>
        <a
          className="link"
          href="/word/affaradagr"
          onClick={[Function]}
          onMouseEnter={[Function]}
          onTouchStart={[Function]}
        >
          affaradagr
        </a>
        <p
          dangerouslySetInnerHTML={
            {
              "__html": "m. <i>the last day of a feast</i>; ~ jóla, <i>Twelth Night</i>.",
            }
          }
        />
      </li>
      <li>
        <a
          className="link"
          href="/word/affarakveld"
          onClick={[Function]}
          onMouseEnter={[Function]}
          onTouchStart={[Function]}
        >
          affarakveld
        </a>
        <p
          dangerouslySetInnerHTML={
            {
              "__html": "n. <i>the last evening of a feast</i>.",
            }
          }
        />
      </li>
      <li>
        <a
          className="link"
          href="/word/afferma"
          onClick={[Function]}
          onMouseEnter={[Function]}
          onTouchStart={[Function]}
        >
          afferma
        </a>
        <p
          dangerouslySetInnerHTML={
            {
              "__html": "(-da, -dr), v. <i>to unload</i> (~ skip).",
            }
          }
        />
      </li>
      <li>
        <a
          className="link"
          href="/word/affedrast"
          onClick={[Function]}
          onMouseEnter={[Function]}
          onTouchStart={[Function]}
        >
          affeðrast
        </a>
        <p
          dangerouslySetInnerHTML={
            {
              "__html": "(að), v. <i>to degenerate</i>.",
            }
          }
        />
      </li>
      <li>
        <a
          className="link"
          href="/word/affletta"
          onClick={[Function]}
          onMouseEnter={[Function]}
          onTouchStart={[Function]}
        >
          affletta
        </a>
        <p
          dangerouslySetInnerHTML={
            {
              "__html": "(-tta, -ttr), v. <i>to strip</i> (~ e-n e-u).",
            }
          }
        />
      </li>
      <li>
        <a
          className="link"
          href="/word/afflutningr"
          onClick={[Function]}
          onMouseEnter={[Function]}
          onTouchStart={[Function]}
        >
          afflutningr
        </a>
        <p
          dangerouslySetInnerHTML={
            {
              "__html": "m.",
            }
          }
        />
      </li>
      <li>
        <a
          className="link"
          href="/word/afflytja"
          onClick={[Function]}
          onMouseEnter={[Function]}
          onTouchStart={[Function]}
        >
          afflytja
        </a>
        <p
          dangerouslySetInnerHTML={
            {
              "__html": "(see flytja), v.",
            }
          }
        />
      </li>
      <li>
        <a
          className="link"
          href="/word/affoera"
          onClick={[Function]}
          onMouseEnter={[Function]}
          onTouchStart={[Function]}
        >
          affœra
        </a>
        <p
          dangerouslySetInnerHTML={
            {
              "__html": "v. <i>to misrepresent</i>.",
            }
          }
        />
      </li>
      <li>
        <a
          className="link"
          href="/word/afgamall"
          onClick={[Function]}
          onMouseEnter={[Function]}
          onTouchStart={[Function]}
        >
          afgamall
        </a>
        <p
          dangerouslySetInnerHTML={
            {
              "__html": "a. <i>very old, decrepit</i>.",
            }
          }
        />
      </li>
      <li>
        <a
          className="link"
          href="/word/afganga"
          onClick={[Function]}
          onMouseEnter={[Function]}
          onTouchStart={[Function]}
        >
          afganga
        </a>
        <p
          dangerouslySetInnerHTML={
            {
              "__html": "f.",
            }
          }
        />
      </li>
      <li>
        <a
          className="link"
          href="/word/afgangr"
          onClick={[Function]}
          onMouseEnter={[Function]}
          onTouchStart={[Function]}
        >
          afgangr
        </a>
        <p
          dangerouslySetInnerHTML={
            {
              "__html": "m.",
            }
          }
        />
      </li>
      <li>
        <a
          className="link"
          href="/word/afgelja"
          onClick={[Function]}
          onMouseEnter={[Function]}
          onTouchStart={[Function]}
        >
          afgelja
        </a>
        <p
          dangerouslySetInnerHTML={
            {
              "__html": "f. <i>chattering</i>.",
            }
          }
        />
      </li>
      <li>
        <a
          className="link"
          href="/word/afgipt"
          onClick={[Function]}
          onMouseEnter={[Function]}
          onTouchStart={[Function]}
        >
          afgipt
        </a>
        <p
          dangerouslySetInnerHTML={
            {
              "__html": "f. <i>indulgence, absolution</i>.",
            }
          }
        />
      </li>
      <li>
        <a
          className="link"
          href="/word/afgiptarbref"
          onClick={[Function]}
          onMouseEnter={[Function]}
          onTouchStart={[Function]}
        >
          afgiptarbréf
        </a>
        <p
          dangerouslySetInnerHTML={
            {
              "__html": "n. <i>letter of indulgence</i>.",
            }
          }
        />
      </li>
      <li>
        <a
          className="link"
          href="/word/afgjarn"
          onClick={[Function]}
          onMouseEnter={[Function]}
          onTouchStart={[Function]}
        >
          afgjarn
        </a>
        <p
          dangerouslySetInnerHTML={
            {
              "__html": "a. <i>eager to be off</i> (~t er öfundarfé).",
            }
          }
        />
      </li>
      <li>
        <a
          className="link"
          href="/word/afgjof"
          onClick={[Function]}
          onMouseEnter={[Function]}
          onTouchStart={[Function]}
        >
          afgjöf
        </a>
        <p
          dangerouslySetInnerHTML={
            {
              "__html": "f. <i>tribute</i>.",
            }
          }
        />
      </li>
      <li>
        <a
          className="link"
          href="/word/afglapa"
          onClick={[Function]}
          onMouseEnter={[Function]}
          onTouchStart={[Function]}
        >
          afglapa
        </a>
        <p
          dangerouslySetInnerHTML={
            {
              "__html": "(að), v. <i>to disturb an assembly or public meeting</i>.",
            }
          }
        />
      </li>
      <li>
        <a
          className="link"
          href="/word/afglapan"
          onClick={[Function]}
          onMouseEnter={[Function]}
          onTouchStart={[Function]}
        >
          afglapan
        </a>
        <p
          dangerouslySetInnerHTML={
            {
              "__html": "f. <i>disturbance</i> (þings ~).",
            }
          }
        />
      </li>
      <li>
        <a
          className="link"
          href="/word/afglapi"
          onClick={[Function]}
          onMouseEnter={[Function]}
          onTouchStart={[Function]}
        >
          afglapi
        </a>
        <p
          dangerouslySetInnerHTML={
            {
              "__html": "m. <i>fool, simpleton</i>.",
            }
          }
        />
      </li>
      <li>
        <a
          className="link"
          href="/word/afgreizla"
          onClick={[Function]}
          onMouseEnter={[Function]}
          onTouchStart={[Function]}
        >
          afgreizla
        </a>
        <p
          dangerouslySetInnerHTML={
            {
              "__html": "f. <i>payment, contribution</i>.",
            }
          }
        />
      </li>
      <li>
        <a
          className="link"
          href="/word/afgongudagr"
          onClick={[Function]}
          onMouseEnter={[Function]}
          onTouchStart={[Function]}
        >
          afgöngudagr
        </a>
        <p
          dangerouslySetInnerHTML={
            {
              "__html": "m. = affaradagr.",
            }
          }
        />
      </li>
      <li>
        <a
          className="link"
          href="/word/afgora"
          onClick={[Function]}
          onMouseEnter={[Function]}
          onTouchStart={[Function]}
        >
          afgøra
        </a>
        <p
          dangerouslySetInnerHTML={
            {
              "__html": "(-ða, -ðr), v. <i>to do amiss, do wrong</i> (ek hefi engan hlut afgørt við þik).",
            }
          }
        />
      </li>
      <li>
        <a
          className="link"
          href="/word/afgord"
          onClick={[Function]}
          onMouseEnter={[Function]}
          onTouchStart={[Function]}
        >
          afgørð
        </a>
        <p
          dangerouslySetInnerHTML={
            {
              "__html": "f. <i>transgression, offence</i>.",
            }
          }
        />
      </li>
      <li>
        <a
          className="link"
          href="/word/afhallr"
          onClick={[Function]}
          onMouseEnter={[Function]}
          onTouchStart={[Function]}
        >
          afhallr
        </a>
        <p
          dangerouslySetInnerHTML={
            {
              "__html": "a. <i>having a downward slope</i>.",
            }
          }
        />
      </li>
      <li>
        <a
          className="link"
          href="/word/afhaugr"
          onClick={[Function]}
          onMouseEnter={[Function]}
          onTouchStart={[Function]}
        >
          afhaugr
        </a>
        <p
          dangerouslySetInnerHTML={
            {
              "__html": "m. <i>side-mound</i>.",
            }
          }
        />
      </li>
      <li>
        <a
          className="link"
          href="/word/afhefd"
          onClick={[Function]}
          onMouseEnter={[Function]}
          onTouchStart={[Function]}
        >
          afhefð
        </a>
        <p
          dangerouslySetInnerHTML={
            {
              "__html": "f. <i>withholding, anothet’s property</i>.",
            }
          }
        />
      </li>
      <li>
        <a
          className="link"
          href="/word/afhelgast"
          onClick={[Function]}
          onMouseEnter={[Function]}
          onTouchStart={[Function]}
        >
          afhelgast
        </a>
        <p
          dangerouslySetInnerHTML={
            {
              "__html": "(að), v. refl. <i>to become unholy, to be profaned</i>.",
            }
          }
        />
      </li>
      <li>
        <a
          className="link"
          href="/word/afhellir"
          onClick={[Function]}
          onMouseEnter={[Function]}
          onTouchStart={[Function]}
        >
          afhellir
        </a>
        <p
          dangerouslySetInnerHTML={
            {
              "__html": "m. <i>side-cave</i>.",
            }
          }
        />
      </li>
      <li>
        <a
          className="link"
          href="/word/afhenda"
          onClick={[Function]}
          onMouseEnter={[Function]}
          onTouchStart={[Function]}
        >
          afhenda
        </a>
        <p
          dangerouslySetInnerHTML={
            {
              "__html": "(-nda, -ndr), v.",
            }
          }
        />
      </li>
      <li>
        <a
          className="link"
          href="/word/afhendis"
          onClick={[Function]}
          onMouseEnter={[Function]}
          onTouchStart={[Function]}
        >
          afhendis
        </a>
        <p
          dangerouslySetInnerHTML={
            {
              "__html": "adv. <i>off one’s hand</i>.",
            }
          }
        />
      </li>
      <li>
        <a
          className="link"
          href="/word/afhendr"
          onClick={[Function]}
          onMouseEnter={[Function]}
          onTouchStart={[Function]}
        >
          afhendr
        </a>
        <p
          dangerouslySetInnerHTML={
            {
              "__html": "a. <i>out of one’s hand</i>; segja e-n (sér) afhendan, <i>to give one up</i>.",
            }
          }
        />
      </li>
      <li>
        <a
          className="link"
          href="/word/afhent"
          onClick={[Function]}
          onMouseEnter={[Function]}
          onTouchStart={[Function]}
        >
          afhent
        </a>
        <p
          dangerouslySetInnerHTML={
            {
              "__html": "a. n. <i>unfit</i> (e-m er e-t ~).",
            }
          }
        />
      </li>
      <li>
        <a
          className="link"
          href="/word/afheyrandi"
          onClick={[Function]}
          onMouseEnter={[Function]}
          onTouchStart={[Function]}
        >
          afheyrandi
        </a>
        <p
          dangerouslySetInnerHTML={
            {
              "__html": "pr. p. <i>out of hearing</i>; <i>absent</i>, opp. to áheyrandi.",
            }
          }
        />
      </li>
      <li>
        <a
          className="link"
          href="/word/afheyris"
          onClick={[Function]}
          onMouseEnter={[Function]}
          onTouchStart={[Function]}
        >
          afheyris
        </a>
        <p
          dangerouslySetInnerHTML={
            {
              "__html": "adv. <i>out of hearing</i>, opp. to áheyris.",
            }
          }
        />
      </li>
      <li>
        <a
          className="link"
          href="/word/afhlaup"
          onClick={[Function]}
          onMouseEnter={[Function]}
          onTouchStart={[Function]}
        >
          afhlaup
        </a>
        <p
          dangerouslySetInnerHTML={
            {
              "__html": "n. <i>surplus</i>.",
            }
          }
        />
      </li>
      <li>
        <a
          className="link"
          href="/word/afhlutr"
          onClick={[Function]}
          onMouseEnter={[Function]}
          onTouchStart={[Function]}
        >
          afhlutr
        </a>
        <p
          dangerouslySetInnerHTML={
            {
              "__html": "m. <i>share of a thing</i>.",
            }
          }
        />
      </li>
      <li>
        <a
          className="link"
          href="/word/afhlydast"
          onClick={[Function]}
          onMouseEnter={[Function]}
          onTouchStart={[Function]}
        >
          afhlýðast
        </a>
        <p
          dangerouslySetInnerHTML={
            {
              "__html": "(-dd), v. refl. <i>to disobey</i>.",
            }
          }
        />
      </li>
      <li>
        <a
          className="link"
          href="/word/afhrapi"
          onClick={[Function]}
          onMouseEnter={[Function]}
          onTouchStart={[Function]}
        >
          afhrapi
        </a>
        <p
          dangerouslySetInnerHTML={
            {
              "__html": "m. <i>impoverishment</i>.",
            }
          }
        />
      </li>
      <li>
        <a
          className="link"
          href="/word/afhrod"
          onClick={[Function]}
          onMouseEnter={[Function]}
          onTouchStart={[Function]}
        >
          afhroð
        </a>
        <p
          dangerouslySetInnerHTML={
            {
              "__html": "n. <i>damage, loss</i>; gjalda mikit ~, <i>to sustain a heavy loss</i>; gera mikit ~, <i>to make great havoc</i>.",
            }
          }
        />
      </li>
      <li>
        <a
          className="link"
          href="/word/afhuga"
          onClick={[Function]}
          onMouseEnter={[Function]}
          onTouchStart={[Function]}
        >
          afhuga
        </a>
        <p
          dangerouslySetInnerHTML={
            {
              "__html": "a. indecl. <i>having turned one’s mind from</i>; verða ~ e-u, <i>to mind no</i> more.",
            }
          }
        />
      </li>
      <li>
        <a
          className="link"
          href="/word/afhugast"
          onClick={[Function]}
          onMouseEnter={[Function]}
          onTouchStart={[Function]}
        >
          afhugast
        </a>
        <p
          dangerouslySetInnerHTML={
            {
              "__html": "(að), v. refl. <i>to put out of one’s mind</i>, with dat.",
            }
          }
        />
      </li>
      <li>
        <a
          className="link"
          href="/word/afhugadr"
          onClick={[Function]}
          onMouseEnter={[Function]}
          onTouchStart={[Function]}
        >
          afhugaðr
        </a>
        <p
          dangerouslySetInnerHTML={
            {
              "__html": "a. = afhuga (~ við e-t).",
            }
          }
        />
      </li>
      <li>
        <a
          className="link"
          href="/word/afhvarf"
          onClick={[Function]}
          onMouseEnter={[Function]}
          onTouchStart={[Function]}
        >
          afhvarf
        </a>
        <p
          dangerouslySetInnerHTML={
            {
              "__html": "n. <i>deviation from the direct path</i> (opp. to gagnvegr).",
            }
          }
        />
      </li>
      <li>
        <a
          className="link"
          href="/word/afhylja"
          onClick={[Function]}
          onMouseEnter={[Function]}
          onTouchStart={[Function]}
        >
          afhylja
        </a>
        <p
          dangerouslySetInnerHTML={
            {
              "__html": "(see hylja), v. <i>to uncover</i>.",
            }
          }
        />
      </li>
      <li>
        <a
          className="link"
          href="/word/afhyrning"
          onClick={[Function]}
          onMouseEnter={[Function]}
          onTouchStart={[Function]}
        >
          afhyrning
        </a>
        <p
          dangerouslySetInnerHTML={
            {
              "__html": "f. <i>by-corner, recess</i>.",
            }
          }
        />
      </li>
      <li>
        <a
          className="link"
          href="/word/afhaera"
          onClick={[Function]}
          onMouseEnter={[Function]}
          onTouchStart={[Function]}
        >
          afhæra
        </a>
        <p
          dangerouslySetInnerHTML={
            {
              "__html": "(-ðs, -ðr), v. <i>to cut off the hair</i>.",
            }
          }
        />
      </li>
      <li>
        <a
          className="link"
          href="/word/afhofda"
          onClick={[Function]}
          onMouseEnter={[Function]}
          onTouchStart={[Function]}
        >
          afhöfða
        </a>
        <p
          dangerouslySetInnerHTML={
            {
              "__html": "(að), v. <i>to behead</i>.",
            }
          }
        />
      </li>
      <li>
        <a
          className="link"
          href="/word/afhogg"
          onClick={[Function]}
          onMouseEnter={[Function]}
          onTouchStart={[Function]}
        >
          afhögg
        </a>
        <p
          dangerouslySetInnerHTML={
            {
              "__html": "n. <i>hewing off, mutilation</i>; <i>chippings</i>.",
            }
          }
        />
      </li>
      <li>
        <a
          className="link"
          href="/word/afhus"
          onClick={[Function]}
          onMouseEnter={[Function]}
          onTouchStart={[Function]}
        >
          afhús
        </a>
        <p
          dangerouslySetInnerHTML={
            {
              "__html": "n. <i>outhouse, side-apartinent</i>.",
            }
          }
        />
      </li>
      <li>
        <a
          className="link"
          href="/word/afhyda"
          onClick={[Function]}
          onMouseEnter={[Function]}
          onTouchStart={[Function]}
        >
          afhýða
        </a>
        <p
          dangerouslySetInnerHTML={
            {
              "__html": "(-dda, -ddr), v. <i>to scourge thoroughly</i>.",
            }
          }
        />
      </li>
      <li>
        <a
          className="link"
          href="/word/afi"
          onClick={[Function]}
          onMouseEnter={[Function]}
          onTouchStart={[Function]}
        >
          afi
        </a>
        <p
          dangerouslySetInnerHTML={
            {
              "__html": "m.",
            }
          }
        />
      </li>
      <li>
        <a
          className="link"
          href="/word/afkaup"
          onClick={[Function]}
          onMouseEnter={[Function]}
          onTouchStart={[Function]}
        >
          afkaup
        </a>
        <p
          dangerouslySetInnerHTML={
            {
              "__html": "n. <i>bad bargain</i> (opp. to hagkeypi).",
            }
          }
        />
      </li>
      <li>
        <a
          className="link"
          href="/word/afkleyfisord"
          onClick={[Function]}
          onMouseEnter={[Function]}
          onTouchStart={[Function]}
        >
          afkleyfisorð
        </a>
        <p
          dangerouslySetInnerHTML={
            {
              "__html": "n. <i>a superfluous word, syllable</i> (in a verse).",
            }
          }
        />
      </li>
      <li>
        <a
          className="link"
          href="/word/afkleyfissamstafa"
          onClick={[Function]}
          onMouseEnter={[Function]}
          onTouchStart={[Function]}
        >
          afkleyfissamstafa
        </a>
        <p
          dangerouslySetInnerHTML={
            {
              "__html": "f. <i>a superfluous word, syllable</i> (in a verse).",
            }
          }
        />
      </li>
      <li>
        <a
          className="link"
          href="/word/afklaeda"
          onClick={[Function]}
          onMouseEnter={[Function]}
          onTouchStart={[Function]}
        >
          afklæða
        </a>
        <p
          dangerouslySetInnerHTML={
            {
              "__html": "(-dda, -ddr), v. <i>to undress</i>;",
            }
          }
        />
      </li>
    </ul>
    <div
      aria-label="Back to top"
      className="backToTop"
      onClick={[Function]}
      role="button"
    >
      ↑
    </div>
  </main>,
  <footer
    className="section"
  >
    <div
      className="container"
    >
      <section
        className="section"
      >
        <h2>
          About
        </h2>
        <p>
          Based on \`"A Concise Dictionary of Old Icelandic\`" dictionary.
        </p>
        <p>
          Geir Zoëga attempted to to make an easier-to-approach version of the more full 
          <a
            href="https://cleasby-vigfusson-dictionary.vercel.app/"
            rel="noopener noreferrer"
            target="_blank"
          >
            Cleasby - Vigfusson dictionary.
          </a>
        </p>
        <p>
          It was published in 1910, which leads to there being many public domain versions of the book available.
        </p>
      </section>
      <section
        className="section"
      >
        <h3
          className="h4"
        >
          Old Icelandic language
        </h3>
        <p>
          The Old Icelandic language was a later branch of Old West Norse, spoken and written in Iceland in the Middle Ages. It was close to Old Norwegian, but differed in orthography and phonology.
        </p>
        <p>
          Old Icelandic is also the language of the Viking Sagas
        </p>
      </section>
      <section
        className="section"
      >
        <h3
          className="h4"
        >
          Old Norse language
        </h3>
        <p>
          Old Norse was a North Germanic language that was spoken by inhabitants of Scandinavia and their overseas settlements from about the 7th to the 15th centuries.
        </p>
        <p>
          Also known as "the viking language", "Old Nordic", or "Old Scandinavian"
        </p>
      </section>
      <div
        className="navs"
      >
        <nav
          className="nav"
        >
          <h4
            className="navTitle"
          >
            Dictionary project
          </h4>
          <ul>
            <li>
              <a
                href="https://github.com/stscoundrel/old-icelandic-zoega-next"
                rel="noopener noreferrer"
                target="_blank"
              >
                Source code
              </a>
            </li>
            <li>
              <a
                href="https://github.com/stscoundrel/old-icelandic-zoega"
                rel="noopener noreferrer"
                target="_blank"
              >
                Data source
              </a>
            </li>
            <li>
              <a
                href="https://github.com/stscoundrel/old-icelandic-zoega-abbreviations"
                rel="noopener noreferrer"
                target="_blank"
              >
                Abbreviations
              </a>
            </li>
            <li>
              <a
                href="https://github.com/stscoundrel/younger-futhark"
                rel="noopener noreferrer"
                target="_blank"
              >
                Younger Futhark Runes
              </a>
            </li>
          </ul>
        </nav>
        <nav
          className="nav"
        >
          <h4
            className="navTitle"
          >
            Related dictionary projects
          </h4>
          <ul>
            <li>
              <a
                href="https://cleasby-vigfusson-dictionary.vercel.app/"
                rel="noopener noreferrer"
                target="_blank"
              >
                Cleasby and Vigfusson Old Norse Dictionary
              </a>
            </li>
            <li>
              <a
                href="https://old-norwegian-dictionary.vercel.app/"
                rel="noopener noreferrer"
                target="_blank"
              >
                Dictionary of the Old Norwegian Language
              </a>
            </li>
            <li>
              <a
                href="https://old-swedish-dictionary.vercel.app/"
                rel="noopener noreferrer"
                target="_blank"
              >
                K.F Söderwall's Old Swedish Dictionary
              </a>
            </li>
            <li>
              <a
                href="https://old-danish-dictionary.vercel.app/"
                rel="noopener noreferrer"
                target="_blank"
              >
                Otto Kalkar's Old Danish Dictionary
              </a>
            </li>
          </ul>
        </nav>
        <nav
          className="nav"
        >
          <h4
            className="navTitle"
          >
            Quick links
          </h4>
          <ul
            className="navColumns"
          >
            <li
              className="navColumnItem"
            >
              <a
                className="link"
                href="/letter/a"
                onClick={[Function]}
                onMouseEnter={[Function]}
                onTouchStart={[Function]}
              >
                a
              </a>
            </li>
            <li
              className="navColumnItem"
            >
              <a
                className="link"
                href="/letter/a2"
                onClick={[Function]}
                onMouseEnter={[Function]}
                onTouchStart={[Function]}
              >
                á
              </a>
            </li>
            <li
              className="navColumnItem"
            >
              <a
                className="link"
                href="/letter/b"
                onClick={[Function]}
                onMouseEnter={[Function]}
                onTouchStart={[Function]}
              >
                b
              </a>
            </li>
            <li
              className="navColumnItem"
            >
              <a
                className="link"
                href="/letter/d"
                onClick={[Function]}
                onMouseEnter={[Function]}
                onTouchStart={[Function]}
              >
                d
              </a>
            </li>
            <li
              className="navColumnItem"
            >
              <a
                className="link"
                href="/letter/e"
                onClick={[Function]}
                onMouseEnter={[Function]}
                onTouchStart={[Function]}
              >
                e
              </a>
            </li>
            <li
              className="navColumnItem"
            >
              <a
                className="link"
                href="/letter/e2"
                onClick={[Function]}
                onMouseEnter={[Function]}
                onTouchStart={[Function]}
              >
                é
              </a>
            </li>
            <li
              className="navColumnItem"
            >
              <a
                className="link"
                href="/letter/f"
                onClick={[Function]}
                onMouseEnter={[Function]}
                onTouchStart={[Function]}
              >
                f
              </a>
            </li>
            <li
              className="navColumnItem"
            >
              <a
                className="link"
                href="/letter/g"
                onClick={[Function]}
                onMouseEnter={[Function]}
                onTouchStart={[Function]}
              >
                g
              </a>
            </li>
            <li
              className="navColumnItem"
            >
              <a
                className="link"
                href="/letter/h"
                onClick={[Function]}
                onMouseEnter={[Function]}
                onTouchStart={[Function]}
              >
                h
              </a>
            </li>
            <li
              className="navColumnItem"
            >
              <a
                className="link"
                href="/letter/i"
                onClick={[Function]}
                onMouseEnter={[Function]}
                onTouchStart={[Function]}
              >
                i
              </a>
            </li>
            <li
              className="navColumnItem"
            >
              <a
                className="link"
                href="/letter/i2"
                onClick={[Function]}
                onMouseEnter={[Function]}
                onTouchStart={[Function]}
              >
                í
              </a>
            </li>
            <li
              className="navColumnItem"
            >
              <a
                className="link"
                href="/letter/j"
                onClick={[Function]}
                onMouseEnter={[Function]}
                onTouchStart={[Function]}
              >
                j
              </a>
            </li>
            <li
              className="navColumnItem"
            >
              <a
                className="link"
                href="/letter/k"
                onClick={[Function]}
                onMouseEnter={[Function]}
                onTouchStart={[Function]}
              >
                k
              </a>
            </li>
            <li
              className="navColumnItem"
            >
              <a
                className="link"
                href="/letter/l"
                onClick={[Function]}
                onMouseEnter={[Function]}
                onTouchStart={[Function]}
              >
                l
              </a>
            </li>
            <li
              className="navColumnItem"
            >
              <a
                className="link"
                href="/letter/m"
                onClick={[Function]}
                onMouseEnter={[Function]}
                onTouchStart={[Function]}
              >
                m
              </a>
            </li>
            <li
              className="navColumnItem"
            >
              <a
                className="link"
                href="/letter/n"
                onClick={[Function]}
                onMouseEnter={[Function]}
                onTouchStart={[Function]}
              >
                n
              </a>
            </li>
            <li
              className="navColumnItem"
            >
              <a
                className="link"
                href="/letter/o"
                onClick={[Function]}
                onMouseEnter={[Function]}
                onTouchStart={[Function]}
              >
                o
              </a>
            </li>
            <li
              className="navColumnItem"
            >
              <a
                className="link"
                href="/letter/o2"
                onClick={[Function]}
                onMouseEnter={[Function]}
                onTouchStart={[Function]}
              >
                ó
              </a>
            </li>
            <li
              className="navColumnItem"
            >
              <a
                className="link"
                href="/letter/p"
                onClick={[Function]}
                onMouseEnter={[Function]}
                onTouchStart={[Function]}
              >
                p
              </a>
            </li>
            <li
              className="navColumnItem"
            >
              <a
                className="link"
                href="/letter/r"
                onClick={[Function]}
                onMouseEnter={[Function]}
                onTouchStart={[Function]}
              >
                r
              </a>
            </li>
            <li
              className="navColumnItem"
            >
              <a
                className="link"
                href="/letter/s"
                onClick={[Function]}
                onMouseEnter={[Function]}
                onTouchStart={[Function]}
              >
                s
              </a>
            </li>
            <li
              className="navColumnItem"
            >
              <a
                className="link"
                href="/letter/t"
                onClick={[Function]}
                onMouseEnter={[Function]}
                onTouchStart={[Function]}
              >
                t
              </a>
            </li>
            <li
              className="navColumnItem"
            >
              <a
                className="link"
                href="/letter/u"
                onClick={[Function]}
                onMouseEnter={[Function]}
                onTouchStart={[Function]}
              >
                u
              </a>
            </li>
            <li
              className="navColumnItem"
            >
              <a
                className="link"
                href="/letter/u2"
                onClick={[Function]}
                onMouseEnter={[Function]}
                onTouchStart={[Function]}
              >
                ú
              </a>
            </li>
            <li
              className="navColumnItem"
            >
              <a
                className="link"
                href="/letter/v"
                onClick={[Function]}
                onMouseEnter={[Function]}
                onTouchStart={[Function]}
              >
                v
              </a>
            </li>
            <li
              className="navColumnItem"
            >
              <a
                className="link"
                href="/letter/y"
                onClick={[Function]}
                onMouseEnter={[Function]}
                onTouchStart={[Function]}
              >
                y
              </a>
            </li>
            <li
              className="navColumnItem"
            >
              <a
                className="link"
                href="/letter/y2"
                onClick={[Function]}
                onMouseEnter={[Function]}
                onTouchStart={[Function]}
              >
                ý
              </a>
            </li>
            <li
              className="navColumnItem"
            >
              <a
                className="link"
                href="/letter/th"
                onClick={[Function]}
                onMouseEnter={[Function]}
                onTouchStart={[Function]}
              >
                þ
              </a>
            </li>
            <li
              className="navColumnItem"
            >
              <a
                className="link"
                href="/letter/ae"
                onClick={[Function]}
                onMouseEnter={[Function]}
                onTouchStart={[Function]}
              >
                æ
              </a>
            </li>
            <li
              className="navColumnItem"
            >
              <a
                className="link"
                href="/letter/oe3"
                onClick={[Function]}
                onMouseEnter={[Function]}
                onTouchStart={[Function]}
              >
                œ
              </a>
            </li>
            <li
              className="navColumnItem"
            >
              <a
                className="link"
                href="/letter/oe"
                onClick={[Function]}
                onMouseEnter={[Function]}
                onTouchStart={[Function]}
              >
                ö
              </a>
            </li>
          </ul>
        </nav>
      </div>
      <small
        className="copyright"
      >
        Copyright © 2021 - 2021
        <br />
        <a
          href="https://github.com/stscoundrel"
          rel="noopener noreferrer"
          target="_blank"
        >
          Sampo Silvennoinen / StScoundrel
        </a>
      </small>
    </div>
  </footer>,
]
`;
