// Jest Snapshot v1, https://goo.gl/fbAQLP

exports[`WordDefinition component Matches snapshot 1`] = `
<article
  className="section"
>
  <header>
    <h1
      lang="non"
    >
      Leynidyrr
    </h1>
    <small
      className="subHeading"
    >
      Old Icelandic Dictionary - 
      leynidyrr
    </small>
    <p>
      Meaning of Old Icelandic word 
      <em>
        "
        leynidyrr
        "
      </em>
       in English.
    </p>
  </header>
  <p>
    As defined by 
    <em>
      A Concise Dictionary of Old Icelandic
    </em>
     (Geir Zoëga):
  </p>
  <dl
    className="definitionList"
  >
    <dt>
      <strong>
        leynidyrr
      </strong>
    </dt>
    <dd
      className="itemDescription"
      dangerouslySetInnerHTML={
        {
          "__html": "<abbr title="feminine.">f.</abbr> <abbr title="plural.">pl.</abbr> <i>secret door</i>.",
        }
      }
    />
  </dl>
  <p>
    Possible runic inscription in 
    <em>
      Younger Futhark:
    </em>
    <span
      className="rune"
    >
      ᛚᛁᚢᚾᛁᛏᚢᚱᚱ
    </span>
  </p>
  <div
    className="abbreviations"
  >
    <div
      className="column"
    >
      <h4>
        Abbreviations used:
      </h4>
      <dl
        className="wrap"
      >
        <dt
          className="abbreviation"
        >
          <strong>
            f.
          </strong>
        </dt>
        <dd
          className="explanation"
        >
          feminine.
        </dd>
      </dl>
      <dl
        className="wrap"
      >
        <dt
          className="abbreviation"
        >
          <strong>
            pl.
          </strong>
        </dt>
        <dd
          className="explanation"
        >
          plural.
        </dd>
      </dl>
    </div>
  </div>
  <h4>
    Also available in related dictionaries:
  </h4>
  <p>
    This headword also appears in dictionaries of other languages closely related to Old Icelandic.
  </p>
  <ul
    className="list"
  >
    <li
      className="listItem"
    >
      <a
        href="https://cleasby-vigfusson-dictionary.vercel.app/word/abbadis"
        rel="noopener noreferrer"
        target="_blank"
      >
        Old Norse - Cleasby & Vigfusson Dictionary
      </a>
    </li>
    <li
      className="listItem"
    >
      <a
        href="https://old-norwegian-dictionary.vercel.app/word/abbadis"
        rel="noopener noreferrer"
        target="_blank"
      >
        Old Norwegian - Johan Fritzner's Dictionary
      </a>
    </li>
  </ul>
</article>
`;
